// Jest Snapshot v1, https://goo.gl/fbAQLP

exports[`TodoItem snapshot 1`] = `
<div>
  <li
    class="todo"
  >
    <span
      class="todo-name"
      data-testid="todo-name"
    >
      javascript
    </span>
    <span
      class="todo-count"
      data-testid="todo-count"
    >
      1
    </span>
    <button
      class="todo-button todo-increase"
      title="increase"
    >
      <i
        class="fas fa-plus-square"
      />
    </button>
    <button
      class="todo-button todo-decrease"
      title="decrease"
    >
      <i
        class="fas fa-minus-square"
      />
    </button>
    <button
      class="todo-button todo-delete"
      title="delete"
    >
      <i
        class="fas fa-trash"
      />
    </button>
  </li>
</div>
`;
